0: is backtrace length > 10? true
1: is backtrace length > 10? true
2: is backtrace length > 10? true
3: is backtrace length > 10? false
4: is backtrace length > 10? false
5: is backtrace length > 10? false
6: is backtrace length > 10? false
7: is backtrace length > 10? false
8: is backtrace length > 10? false
9: is backtrace length > 10? false
10: is backtrace length > 10? false
