Before:
Raised by primitive operation at Dune__exe__Backtrace_in_handler.bt in file "test/terminating/backtrace_in_handler.ml", line 2, characters 2-29
Called from Dune__exe__Backtrace_in_handler in file "test/terminating/backtrace_in_handler.ml", line 9, characters 2-13
Inside:
Raised by primitive operation at Dune__exe__Backtrace_in_handler.bt in file "test/terminating/backtrace_in_handler.ml", line 2, characters 2-29
Called from Dune__exe__Backtrace_in_handler in file "test/terminating/backtrace_in_handler.ml", line 10, characters 2-36
After:
Raised by primitive operation at Dune__exe__Backtrace_in_handler.bt in file "test/terminating/backtrace_in_handler.ml", line 2, characters 2-29
Called from Dune__exe__Backtrace_in_handler in file "test/terminating/backtrace_in_handler.ml", line 11, characters 2-12
